// Jest Snapshot v1, https://goo.gl/fbAQLP

exports[`renders correctly 1`] = `
<a
  className="normal"
  href="http://www.google.com"
  onMouseEnter={[Function]}
  onMouseLeave={[Function]}
>
  Google
</a>
`;
